../Core/Src/main.c:39:5:main	16	static
../Core/Src/main.c:70:6:queue_setup	8	static
../Core/Src/main.c:84:5:uart2_write	16	static
../Core/Src/main.c:94:5:__io_putchar	16	static
../Core/Src/main.c:100:6:SenderTask	32	static
../Core/Src/main.c:139:6:ReceiverTask	56	static
../Core/Src/main.c:180:6:SystemClock_Config	88	static
../Core/Src/main.c:220:13:MX_USART2_UART_Init	8	static
../Core/Src/main.c:253:13:MX_GPIO_Init	16	static
../Core/Src/main.c:274:6:HAL_TIM_PeriodElapsedCallback	16	static
../Core/Src/main.c:291:6:Error_Handler	4	static,ignoring_inline_asm
